// Jest Snapshot v1, https://goo.gl/fbAQLP

exports[`should render add calories page correctly 1`] = `
<div>
  <div>
    <CaloriesForm
      onSubmit={[Function]}
    />
  </div>
</div>
`;
