// Jest Snapshot v1, https://goo.gl/fbAQLP

exports[`should render calories list item correctly 1`] = `
<Link
  to="edit/1"
>
  <div>
    <h2>
      Pasta
    </h2>
    <span>
      150.2425
    </span>
    <h5>
      January 1st, 1970
    </h5>
  </div>
</Link>
`;
