// Jest Snapshot v1, https://goo.gl/fbAQLP

exports[`should render from dashboard correctly 1`] = `
<div>
  <Connect(CaloriesSummary) />
  <Connect(CaloriesListFilter) />
  <Connect(CaloriesList) />
</div>
`;
